// Jest Snapshot v1, https://goo.gl/fbAQLP

exports[`renders correctly 1`] = `
<div
  className="card firstStepScreening"
>
  <h1>
    firstStepScreening.title
     
  </h1>
  <form
    onSubmit={[Function]}
  >
    <h3>
      firstStepScreening.subTitle
    </h3>
    <ul
      className="symptoms"
    />
    <button
      type="submit"
    >
      firstStepScreening.nextBtn
    </button>
  </form>
</div>
`;
