// Jest Snapshot v1, https://goo.gl/fbAQLP

exports[`renders correctly 1`] = `
<div
  className="profile"
>
  <h2>
    Mon Profil
  </h2>
  <form
    onSubmit={[Function]}
  >
    <div
      className="formGroup profileImg"
    />
    <div
      className="formGroup"
    >
      <label>
        Email
        : 
      </label>
      <input
        disabled={true}
        name="email"
        type="text"
      />
    </div>
    <div
      className="formGroup"
    >
      <label>
        Prénom
        : 
      </label>
      <input
        name="firstName"
        onChange={[Function]}
        type="text"
        value=""
      />
    </div>
    <div
      className="formGroup"
    >
      <label>
        Nom
        : 
      </label>
      <input
        name="lastName"
        onChange={[Function]}
        type="text"
        value=""
      />
    </div>
    <div
      className="formGroup"
    >
      <label>
        Spécialité médicale
        : 
      </label>
      <select
        onChange={[Function]}
      />
    </div>
    <div
      className="address"
    >
      <div
        className="formGroup"
      >
        <label>
          Adresse
          : 
        </label>
        <input
          onChange={[Function]}
          type="text"
          value=""
        />
      </div>
      <div
        className="formGroup"
      >
        <label>
          Complément d'adresse
          : 
        </label>
        <input
          onChange={[Function]}
          type="text"
          value=""
        />
      </div>
      <div
        className="formGroup"
      >
        <label>
          Ville
          : 
        </label>
        <input
          onChange={[Function]}
          type="text"
          value=""
        />
      </div>
      <div
        className="formGroup"
      >
        <label>
          Code postal
          : 
        </label>
        <input
          onChange={[Function]}
          type="text"
          value=""
        />
      </div>
      <div
        className="formGroup"
      >
        <label>
          Région
          : 
        </label>
        <input
          onChange={[Function]}
          type="text"
          value=""
        />
      </div>
      <div
        className="formGroup"
      >
        <label>
          Pays
          : 
        </label>
        <input
          onChange={[Function]}
          type="text"
          value=""
        />
      </div>
    </div>
    <button
      type="submit"
    >
      Enregistrer
    </button>
  </form>
</div>
`;
